+incdir+../rtl
+incdir+$BASEJUMP_PATH/bsg_misc
+incdir+$BASEJUMP_PATH/bsg_clk_gen
+incdir+$BASEJUMP_PATH/bsg_tag/
+incdir+$BASEJUMP_PATH/bsg_dmc/
+incdir+$BASEJUMP_PATH/bsg_link/
+incdir+$BASEJUMP_PATH/testing/bsg_dmc/lpddr_verilog_model

$BASEJUMP_PATH/bsg_misc/bsg_defines.v
$BASEJUMP_PATH/bsg_tag/bsg_tag_pkg.v
$BASEJUMP_PATH/bsg_dmc/bsg_dmc_pkg.v
../rtl/bsg_dmc_pearl_pkg.v
../rtl/bsg_dmc_pearl.v
$BASEJUMP_PATH/bsg_async/bsg_async_fifo.v
$BASEJUMP_PATH/bsg_async/bsg_async_ptr_gray.v
$BASEJUMP_PATH/bsg_async/bsg_launch_sync_sync.v
$BASEJUMP_PATH/bsg_async/bsg_sync_sync.v
$BASEJUMP_PATH/bsg_clk_gen/bsg_dly_line.v
$BASEJUMP_PATH/bsg_clk_gen/bsg_clk_gen.v
$BASEJUMP_PATH/bsg_clk_gen/bsg_clk_gen_osc.v
$BASEJUMP_PATH/bsg_dataflow/bsg_fifo_1r1w_small.v
$BASEJUMP_PATH/bsg_dataflow/bsg_fifo_1r1w_small_unhardened.v
$BASEJUMP_PATH/bsg_dataflow/bsg_fifo_1r1w_small_credit_on_input.v
$BASEJUMP_PATH/bsg_dataflow/bsg_fifo_tracker.v
$BASEJUMP_PATH/bsg_dataflow/bsg_flow_counter.v
$BASEJUMP_PATH/bsg_dataflow/bsg_flatten_2D_array.v
$BASEJUMP_PATH/bsg_dataflow/bsg_make_2D_array.v
$BASEJUMP_PATH/bsg_dataflow/bsg_parallel_in_serial_out.v
$BASEJUMP_PATH/bsg_dataflow/bsg_serial_in_parallel_out.v
$BASEJUMP_PATH/bsg_dataflow/bsg_two_fifo.v
$BASEJUMP_PATH/bsg_dataflow/bsg_one_fifo.v
$BASEJUMP_PATH/bsg_dmc/bsg_dmc.v
$BASEJUMP_PATH/bsg_dmc/bsg_dmc_clk_rst_gen.v
$BASEJUMP_PATH/bsg_dmc/bsg_dmc_controller.v
$BASEJUMP_PATH/bsg_dmc/bsg_dmc_phy.v
$BASEJUMP_PATH/bsg_fsb/bsg_fsb_node_trace_replay.v
$BASEJUMP_PATH/bsg_mem/bsg_mem_1r1w.v
$BASEJUMP_PATH/bsg_mem/bsg_mem_1r1w_synth.v
$BASEJUMP_PATH/bsg_misc/bsg_buf.v
$BASEJUMP_PATH/bsg_misc/bsg_circular_ptr.v
$BASEJUMP_PATH/bsg_misc/bsg_counter_clock_downsample.v
$BASEJUMP_PATH/bsg_misc/bsg_counter_up_down.v
$BASEJUMP_PATH/bsg_misc/bsg_dff.v
$BASEJUMP_PATH/bsg_misc/bsg_dff_reset_en.v
$BASEJUMP_PATH/bsg_misc/bsg_mux.v
$BASEJUMP_PATH/bsg_misc/bsg_mux2_gatestack.v
$BASEJUMP_PATH/bsg_misc/bsg_muxi2_gatestack.v
$BASEJUMP_PATH/bsg_misc/bsg_nand.v
$BASEJUMP_PATH/bsg_misc/bsg_nor3.v
$BASEJUMP_PATH/bsg_misc/bsg_reduce.v
$BASEJUMP_PATH/bsg_misc/bsg_strobe.v
$BASEJUMP_PATH/bsg_misc/bsg_xnor.v
$BASEJUMP_PATH/bsg_misc/bsg_counter_clear_up.v
$BASEJUMP_PATH/bsg_misc/bsg_dff_reset.v
$BASEJUMP_PATH/bsg_misc/bsg_dff_en.v
$BASEJUMP_PATH/bsg_tag/bsg_tag_master_decentralized.v
$BASEJUMP_PATH/bsg_tag/bsg_tag_client.v
$BASEJUMP_PATH/bsg_tag/bsg_tag_client_unsync.v
$BASEJUMP_PATH/bsg_tag/bsg_tag_trace_replay.v
$BASEJUMP_PATH/bsg_test/bsg_nonsynth_clock_gen.v
$BASEJUMP_PATH/bsg_test/bsg_nonsynth_reset_gen.v
$BASEJUMP_PATH/bsg_test/bsg_trace_replay.v
$BASEJUMP_PATH/bsg_link/bsg_link_ddr_downstream.v
$BASEJUMP_PATH/bsg_link/bsg_link_ddr_upstream.v
$BASEJUMP_PATH/bsg_link/bsg_link_source_sync_upstream.v
$BASEJUMP_PATH/bsg_link/bsg_link_oddr_phy.v
$BASEJUMP_PATH/bsg_async/bsg_async_credit_counter.v
$BASEJUMP_PATH/bsg_misc/bsg_gray_to_binary.v
$BASEJUMP_PATH/bsg_misc/bsg_scan.v
$BASEJUMP_PATH/bsg_link/bsg_link_iddr_phy.v
$BASEJUMP_PATH/bsg_link/bsg_link_source_sync_downstream.v
$BASEJUMP_PATH/bsg_dataflow/bsg_serial_in_parallel_out_full.v
$BASEJUMP_PATH/bsg_dataflow/bsg_round_robin_1_to_n.v

bsg_dmc_trace_rom.v
$BASEJUMP_PATH/bsg_dmc/bsg_dmc_xilinx_ui_trace_replay.v
bsg_dmc_tester.v
$BASEJUMP_PATH/bsg_dmc/bsg_dmc_sys_cfg_gen.v

bsg_tag_boot_rom.v
traffic_generator.v
bsg_nonsynth_dmc_clock_monitor.v
testbench.v

$BASEJUMP_PATH/testing/bsg_dmc/lpddr_verilog_model/mobile_ddr.v
